============================= test session starts =============================
platform win32 -- Python 3.13.5, pytest-8.3.4, pluggy-1.5.0 -- D:\program\anaconda\python.exe
cachedir: .pytest_cache
rootdir: D:\desktop\软件开发\LifeWatch-AI
configfile: pyproject.toml
plugins: anyio-4.7.0, Faker-40.1.2, langsmith-0.4.49, asyncio-1.3.0, cov-7.0.0, mock-3.15.1
asyncio: mode=Mode.STRICT, debug=False, asyncio_default_fixture_loop_scope=None, asyncio_default_test_loop_scope=function
collecting ... collected 17 items

test/目标系统/test_goals_api.py::TestGoalsBasicCRUD::test_create_goal_success PASSED [  5%]
test/目标系统/test_goals_api.py::TestGoalsBasicCRUD::test_create_goal_minimal_data PASSED [ 11%]
test/目标系统/test_goals_api.py::TestGoalsBasicCRUD::test_create_goal_missing_required_field PASSED [ 17%]
test/目标系统/test_goals_api.py::TestGoalsBasicCRUD::test_get_goals_list_empty PASSED [ 23%]
test/目标系统/test_goals_api.py::TestGoalsBasicCRUD::test_get_goals_list_with_data FAILED [ 29%]
test/目标系统/test_goals_api.py::TestGoalsBasicCRUD::test_get_goals_list_with_pagination PASSED [ 35%]
test/目标系统/test_goals_api.py::TestGoalsBasicCRUD::test_get_goals_list_filter_by_status PASSED [ 41%]
test/目标系统/test_goals_api.py::TestGoalsBasicCRUD::test_get_goal_detail_success PASSED [ 47%]
test/目标系统/test_goals_api.py::TestGoalsBasicCRUD::test_get_goal_detail_not_found PASSED [ 52%]
test/目标系统/test_goals_api.py::TestGoalsBasicCRUD::test_update_goal_success FAILED [ 58%]
test/目标系统/test_goals_api.py::TestGoalsBasicCRUD::test_update_goal_not_found PASSED [ 64%]
test/目标系统/test_goals_api.py::TestGoalsBasicCRUD::test_update_goal_status PASSED [ 70%]
test/目标系统/test_goals_api.py::TestGoalsBasicCRUD::test_delete_goal_success PASSED [ 76%]
test/目标系统/test_goals_api.py::TestGoalsBasicCRUD::test_delete_goal_not_found PASSED [ 82%]
test/目标系统/test_goals_api.py::TestGoalServiceCache::test_goal_service_cache_refresh_on_create PASSED [ 88%]
test/目标系统/test_goals_api.py::TestGoalServiceCache::test_goal_service_cache_refresh_on_update FAILED [ 94%]
test/目标系统/test_goals_api.py::TestGoalServiceCache::test_goal_service_cache_refresh_on_delete PASSED [100%]

================================== FAILURES ===================================
______________ TestGoalsBasicCRUD.test_get_goals_list_with_data _______________

self = <test_goals_api.TestGoalsBasicCRUD object at 0x0000023607C42690>
client = <starlette.testclient.TestClient object at 0x0000023607C90980>
sample_goal_data = {'color': '#FF5733', 'commitment': '每天学习1小时', 'content': '这是一个测试目标的详细内容', 'expected_finished_at': '2026-12-31', ...}

    def test_get_goals_list_with_data(self, client: TestClient, sample_goal_data):
        """
        测试用例 2.1.2: 获取目标列表 - 有数据
    
        前置条件：数据库中至少有一个目标
        测试步骤：
        1. 先创建一个目标
        2. 发送 GET /api/v2/goal/goals 请求
        3. 验证响应状态码为 200
        4. 验证返回的 items 包含刚创建的目标
        5. 验证 total >= 1
    
        预期结果：
        - 状态码：200
        - items 包含目标数据
        - total >= 1
        """
        # 先创建一个目标
        create_response = client.post("/api/v2/goal/goals", json=sample_goal_data)
        assert create_response.status_code == 200, "前置条件：创建目标失败"
        created_goal = create_response.json()
    
        # 获取目标列表
        response = client.get("/api/v2/goal/goals")
    
        assert response.status_code == 200, f"获取目标列表失败: {response.text}"
    
        data = response.json()
        assert data["total"] >= 1, "目标总数应至少为 1"
        assert len(data["items"]) >= 1, "items 应至少包含 1 个目标"
    
        # 验证创建的目标在列表中
        goal_ids = [item["id"] for item in data["items"]]
>       assert created_goal["id"] in goal_ids, "创建的目标应在列表中"
E       AssertionError: 创建的目标应在列表中
E       assert 'goal-b718adfd' in ['goal-6e89f6a3', 'goal-26a8c457', 'goal-dac40d2d', 'goal-aa07a55c', 'goal-a1d1d540', 'goal-ff2252be', ...]

test\目标系统\test_goals_api.py:159: AssertionError
---------------------------- Captured stderr call -----------------------------
2026-02-04 00:07:32,584 
 INFO goal_provider.py func:create_goal line 173 : 创建目标成功，ID: goal-b718adfd 
2026-02-04 00:07:32,592 
 INFO _client.py func:_send_single_request line 1025 : HTTP Request: POST http://testserver/api/v2/goal/goals "HTTP/1.1 200 OK" 
2026-02-04 00:07:32,593 
 INFO _client.py func:_send_single_request line 1025 : HTTP Request: GET http://testserver/api/v2/goal/goals "HTTP/1.1 200 OK" 
------------------------------ Captured log call ------------------------------
INFO     lifeprism.server.providers.goal_provider:goal_provider.py:173 创建目标成功，ID: goal-b718adfd
INFO     httpx:_client.py:1025 HTTP Request: POST http://testserver/api/v2/goal/goals "HTTP/1.1 200 OK"
INFO     httpx:_client.py:1025 HTTP Request: GET http://testserver/api/v2/goal/goals "HTTP/1.1 200 OK"
_________________ TestGoalsBasicCRUD.test_update_goal_success _________________

self = <test_goals_api.TestGoalsBasicCRUD object at 0x0000023607C28F50>
client = <starlette.testclient.TestClient object at 0x0000023607C90980>
sample_goal_data = {'color': '#FF5733', 'commitment': '每天学习1小时', 'content': '这是一个测试目标的详细内容', 'expected_finished_at': '2026-12-31', ...}

    def test_update_goal_success(self, client: TestClient, sample_goal_data):
        """
        测试用例 2.1.3: 更新目标 - 成功
    
        前置条件：数据库中存在目标
        测试步骤：
        1. 先创建一个目标
        2. 发送 PATCH /api/v2/goal/goals/{goal_id}，更新部分字段
        3. 验证响应状态码为 200
        4. 验证返回的目标包含更新后的数据
        5. 验证未更新的字段保持不变
    
        预期结果：
        - 状态码：200
        - 更新的字段值正确
        - 未更新的字段保持原值
        """
        # 先创建一个目标
        create_response = client.post("/api/v2/goal/goals", json=sample_goal_data)
        assert create_response.status_code == 200, "前置条件：创建目标失败"
        created_goal = create_response.json()
        goal_id = created_goal["id"]
    
        # 更新目标
        update_data = {
            "name": "更新后的目标名称",
            "color": "#00FF00"
        }
        response = client.patch(f"/api/v2/goal/goals/{goal_id}", json=update_data)
    
>       assert response.status_code == 200, f"更新目标失败: {response.text}"
E       AssertionError: 更新目标失败: {"detail":"目标不存在或更新失败"}
E       assert 404 == 200
E        +  where 404 = <Response [404 Not Found]>.status_code

test\目标系统\test_goals_api.py:290: AssertionError
---------------------------- Captured stderr call -----------------------------
2026-02-04 00:07:32,641 
 INFO goal_provider.py func:create_goal line 173 : 创建目标成功，ID: goal-4c2fba71 
2026-02-04 00:07:32,648 
 INFO _client.py func:_send_single_request line 1025 : HTTP Request: POST http://testserver/api/v2/goal/goals "HTTP/1.1 200 OK" 
2026-02-04 00:07:32,649 
 ERROR database_manager.py func:get_connection line 146 : 数据库操作失败，已回滚: UNIQUE constraint failed: goal.name 
2026-02-04 00:07:32,649 
 ERROR goal_provider.py func:update_goal line 229 : 更新目标 goal-4c2fba71 失败: UNIQUE constraint failed: goal.name 
2026-02-04 00:07:32,650 
 INFO _client.py func:_send_single_request line 1025 : HTTP Request: PATCH http://testserver/api/v2/goal/goals/goal-4c2fba71 "HTTP/1.1 404 Not Found" 
------------------------------ Captured log call ------------------------------
INFO     lifeprism.server.providers.goal_provider:goal_provider.py:173 创建目标成功，ID: goal-4c2fba71
INFO     httpx:_client.py:1025 HTTP Request: POST http://testserver/api/v2/goal/goals "HTTP/1.1 200 OK"
ERROR    lifeprism.storage.database_manager:database_manager.py:146 数据库操作失败，已回滚: UNIQUE constraint failed: goal.name
ERROR    lifeprism.server.providers.goal_provider:goal_provider.py:229 更新目标 goal-4c2fba71 失败: UNIQUE constraint failed: goal.name
INFO     httpx:_client.py:1025 HTTP Request: PATCH http://testserver/api/v2/goal/goals/goal-4c2fba71 "HTTP/1.1 404 Not Found"
_______ TestGoalServiceCache.test_goal_service_cache_refresh_on_update ________

self = <test_goals_api.TestGoalServiceCache object at 0x0000023607C58690>
client = <starlette.testclient.TestClient object at 0x0000023607C90980>
sample_goal_data = {'color': '#FF5733', 'commitment': '每天学习1小时', 'content': '这是一个测试目标的详细内容', 'expected_finished_at': '2026-12-31', ...}

    def test_goal_service_cache_refresh_on_update(self, client: TestClient, sample_goal_data):
        """
        测试用例 5.1.1: GoalService 缓存刷新 - 更新时
    
        前置条件：GoalService 使用单例模式并维护 goal_name_map 缓存
        测试步骤：
        1. 创建一个目标
        2. 更新目标名称
        3. 获取 active-names 接口
        4. 验证返回的名称是更新后的名称
    
        预期结果：
        - 返回的目标名称是更新后的值
        - 缓存已刷新
        """
        # 创建目标
        create_response = client.post("/api/v2/goal/goals", json=sample_goal_data)
        assert create_response.status_code == 200, "创建目标失败"
        created_goal = create_response.json()
        goal_id = created_goal["id"]
    
        # 更新目标名称
        new_name = "更新后的缓存测试目标"
        update_response = client.patch(f"/api/v2/goal/goals/{goal_id}", json={"name": new_name})
>       assert update_response.status_code == 200, "更新目标失败"
E       AssertionError: 更新目标失败
E       assert 404 == 200
E        +  where 404 = <Response [404 Not Found]>.status_code

test\目标系统\test_goals_api.py:459: AssertionError
---------------------------- Captured stderr call -----------------------------
2026-02-04 00:07:32,710 
 INFO goal_provider.py func:create_goal line 173 : 创建目标成功，ID: goal-cba0b7f1 
2026-02-04 00:07:32,717 
 INFO _client.py func:_send_single_request line 1025 : HTTP Request: POST http://testserver/api/v2/goal/goals "HTTP/1.1 200 OK" 
2026-02-04 00:07:32,718 
 ERROR database_manager.py func:get_connection line 146 : 数据库操作失败，已回滚: UNIQUE constraint failed: goal.name 
2026-02-04 00:07:32,718 
 ERROR goal_provider.py func:update_goal line 229 : 更新目标 goal-cba0b7f1 失败: UNIQUE constraint failed: goal.name 
2026-02-04 00:07:32,719 
 INFO _client.py func:_send_single_request line 1025 : HTTP Request: PATCH http://testserver/api/v2/goal/goals/goal-cba0b7f1 "HTTP/1.1 404 Not Found" 
------------------------------ Captured log call ------------------------------
INFO     lifeprism.server.providers.goal_provider:goal_provider.py:173 创建目标成功，ID: goal-cba0b7f1
INFO     httpx:_client.py:1025 HTTP Request: POST http://testserver/api/v2/goal/goals "HTTP/1.1 200 OK"
ERROR    lifeprism.storage.database_manager:database_manager.py:146 数据库操作失败，已回滚: UNIQUE constraint failed: goal.name
ERROR    lifeprism.server.providers.goal_provider:goal_provider.py:229 更新目标 goal-cba0b7f1 失败: UNIQUE constraint failed: goal.name
INFO     httpx:_client.py:1025 HTTP Request: PATCH http://testserver/api/v2/goal/goals/goal-cba0b7f1 "HTTP/1.1 404 Not Found"
============================== warnings summary ===============================
..\..\..\program\anaconda\Lib\site-packages\pydantic\_internal\_config.py:295: 18 warnings
  D:\program\anaconda\Lib\site-packages\pydantic\_internal\_config.py:295: PydanticDeprecatedSince20: Support for class-based `config` is deprecated, use ConfigDict instead. Deprecated in Pydantic V2.0 to be removed in V3.0. See Pydantic V2 Migration Guide at https://errors.pydantic.dev/2.10/migration/
    warnings.warn(DEPRECATION_MESSAGE, DeprecationWarning)

lifeprism\server\api\activity_api.py:34
  D:\desktop\软件开发\LifeWatch-AI\lifeprism\server\api\activity_api.py:34: DeprecationWarning: `regex` has been deprecated, please use `pattern` instead
    date: str = Query(

lifeprism\server\api\activity_api.py:106
  D:\desktop\软件开发\LifeWatch-AI\lifeprism\server\api\activity_api.py:106: DeprecationWarning: `regex` has been deprecated, please use `pattern` instead
    start_time: str = Query(

lifeprism\server\api\activity_api.py:111
  D:\desktop\软件开发\LifeWatch-AI\lifeprism\server\api\activity_api.py:111: DeprecationWarning: `regex` has been deprecated, please use `pattern` instead
    end_time: str = Query(

lifeprism\server\api\usage.py:25
  D:\desktop\软件开发\LifeWatch-AI\lifeprism\server\api\usage.py:25: DeprecationWarning: `regex` has been deprecated, please use `pattern` instead
    date: str = Query(

-- Docs: https://docs.pytest.org/en/stable/how-to/capture-warnings.html
=========================== short test summary info ===========================
FAILED test/目标系统/test_goals_api.py::TestGoalsBasicCRUD::test_get_goals_list_with_data
FAILED test/目标系统/test_goals_api.py::TestGoalsBasicCRUD::test_update_goal_success
FAILED test/目标系统/test_goals_api.py::TestGoalServiceCache::test_goal_service_cache_refresh_on_update
================== 3 failed, 14 passed, 22 warnings in 0.31s ==================
