# serializer version: 1
# name: TestDataProcessingServiceSnapshot.test_load_category_map_cache_snapshot
  list([
    dict({
      'app': 'code.exe',
      'app_description': 'VSCode编辑器',
      'category_id': 'test_work',
      'id': 'm-2b110b6e',
      'is_multipurpose_app': 1,
      'link_to_goal_id': None,
      'state': 1,
      'sub_category_id': 'test_coding',
      'title': 'main.py - VSCode',
      'title_analysis': '编辑Python文件',
    }),
    dict({
      'app': 'chrome.exe',
      'app_description': 'Chrome浏览器',
      'category_id': 'test_work',
      'id': 'm-432c12c3',
      'is_multipurpose_app': 1,
      'link_to_goal_id': None,
      'state': 1,
      'sub_category_id': 'test_coding',
      'title': 'YouTube - Video',
      'title_analysis': 'YouTube视频',
    }),
    dict({
      'app': 'chrome.exe',
      'app_description': 'Chrome浏览器',
      'category_id': 'test_work',
      'id': 'm-5a8d7422',
      'is_multipurpose_app': 1,
      'link_to_goal_id': None,
      'state': 1,
      'sub_category_id': '1-1',
      'title': 'GitHub - Pull Request',
      'title_analysis': 'GitHub代码审查',
    }),
    dict({
      'app': 'code.exe',
      'app_description': 'VSCode编辑器',
      'category_id': 'test_work',
      'id': 'm-f208ea44',
      'is_multipurpose_app': 1,
      'link_to_goal_id': None,
      'state': 1,
      'sub_category_id': 'test_coding',
      'title': 'test.js - VSCode',
      'title_analysis': '编辑JavaScript文件',
    }),
    dict({
      'app': 'pycharm.exe',
      'app_description': 'PyCharm集成开发环境',
      'category_id': 'test_work',
      'id': 's-1ba7cb5d',
      'is_multipurpose_app': 0,
      'link_to_goal_id': None,
      'state': 1,
      'sub_category_id': 'test_coding',
      'title': 'PyCharm IDE',
      'title_analysis': nan,
    }),
    dict({
      'app': 'notepad++.exe',
      'app_description': 'Notepad++文本编辑器',
      'category_id': 'test_work',
      'id': 's-239debb6',
      'is_multipurpose_app': 0,
      'link_to_goal_id': None,
      'state': 1,
      'sub_category_id': 'test_coding',
      'title': 'Notepad++',
      'title_analysis': nan,
    }),
    dict({
      'app': 'git.exe',
      'app_description': 'Git版本控制工具',
      'category_id': 'test_work',
      'id': 's-c57e879d',
      'is_multipurpose_app': 0,
      'link_to_goal_id': None,
      'state': 1,
      'sub_category_id': 'test_coding',
      'title': 'Git',
      'title_analysis': nan,
    }),
  ])
# ---
